    Updating crates.io index
    Updating git repository `https://github.com/ryancinsight/scheme`
 Downloading crates ...
  Downloaded geographiclib-rs v0.2.5
  Downloaded i_overlay v1.9.4
  Downloaded once_cell v1.21.3
  Downloaded rustversion v1.0.21
  Downloaded thiserror v1.0.69
  Downloaded base64 v0.22.1
  Downloaded built v0.7.7
  Downloaded bitstream-io v2.6.0
  Downloaded bitflags v2.9.1
  Downloaded av1-grain v0.2.4
  Downloaded arrayvec v0.7.6
  Downloaded anyhow v1.0.98
  Downloaded allocator-api2 v0.2.21
  Downloaded avif-serialize v0.8.5
  Downloaded bitflags v1.3.2
  Downloaded arg_enum_proc_macro v0.3.4
  Downloaded bit-vec v0.8.0
  Downloaded bit_field v0.10.2
  Downloaded autocfg v1.5.0
  Downloaded bincode v1.3.3
  Downloaded approx v0.5.1
  Downloaded aligned-vec v0.6.4
  Downloaded crossbeam-utils v0.8.21
  Downloaded cfg-if v1.0.1
  Downloaded crossbeam-epoch v0.9.18
  Downloaded crossbeam v0.8.4
  Downloaded contour_tracing v1.0.12
  Downloaded adler2 v2.0.1
  Downloaded getrandom v0.3.3
  Downloaded csv-core v0.1.12
  Downloaded bytemuck v1.23.1
  Downloaded exr v1.73.0
  Downloaded nalgebra-macros v0.2.2
  Downloaded ndshape v0.3.0
  Downloaded i_shape v1.6.0
  Downloaded i_float v1.6.0
  Downloaded fast-surface-nets v0.2.1
  Downloaded crc32fast v1.5.0
  Downloaded hershey v0.1.2
  Downloaded geo-buf v0.1.0
  Downloaded float_next_after v1.0.0
  Downloaded maybe-rayon v0.1.1
  Downloaded loop9 v0.1.5
  Downloaded i_key_sort v0.2.0
  Downloaded equator-macro v0.4.2
  Downloaded lebe v0.5.2
  Downloaded i_tree v0.8.3
  Downloaded iana-time-zone v0.1.63
  Downloaded miniz_oxide v0.8.9
  Downloaded matrixmultiply v0.3.10
  Downloaded nalgebra-sparse v0.10.0
  Downloaded minimal-lexical v0.2.1
  Downloaded memchr v2.7.5
  Downloaded libm v0.2.15
  Downloaded itertools v0.14.0
  Downloaded quote v1.0.40
  Downloaded simd_helpers v0.1.0
  Downloaded geo v0.29.3
  Downloaded image v0.25.6
  Downloaded xmltree v0.8.0
  Downloaded num-derive v0.4.2
  Downloaded v_frame v0.3.9
  Downloaded wasm-bindgen-shared v0.2.100
  Downloaded zune-core v0.4.12
  Downloaded weezl v0.1.10
  Downloaded zune-inflate v0.2.54
  Downloaded zune-jpeg v0.4.20
  Downloaded wide v0.7.33
  Downloaded num-bigint v0.4.6
  Downloaded png v0.17.16
  Downloaded serde_json v1.0.142
  Downloaded rayon v1.10.0
  Downloaded ttf-parser v0.25.1
  Downloaded nom v7.1.3
  Downloaded num-bigint v0.3.3
  Downloaded zerocopy v0.8.26
  Downloaded rapier3d-f64 v0.24.0
  Downloaded tracing v0.1.41
  Downloaded syn v2.0.104
  Downloaded parry3d-f64 v0.19.0
  Downloaded jpeg-decoder v0.3.2
  Downloaded rand v0.8.5
  Downloaded typenum v1.18.0
  Downloaded tracing-core v0.1.34
  Downloaded serde_derive v1.0.219
  Downloaded safe_arch v0.7.4
  Downloaded libc v0.2.174
  Downloaded qoi v0.4.1
  Downloaded proc-macro2 v1.0.95
  Downloaded spade v2.14.0
  Downloaded csv v1.3.1
  Downloaded robust v1.2.0
  Downloaded num-traits v0.2.19
  Downloaded earcutr v0.4.3
  Downloaded xml-rs v0.7.0
  Downloaded encoding_rs v0.8.35
  Downloaded uuid v1.17.0
